// Jest Snapshot v1, https://goo.gl/fbAQLP

exports[`filter potencial 'XSS' attackers 1`] = `
<div>
  <p>
    <a
      href="x-javascript:alert('XSS')"
      onClick={[Function]}
      rel="nofollow"
    >
      clickforxss
    </a>
      
    <a
      href="javascript:void(0)"
      onClick={[Function]}
      rel="nofollow"
    >
      clickforxss
    </a>
  </p>
</div>
`;
